Sequence      		tRNA   	Bounds 	tRNA	Anti	Intron Bounds	Inf	      
Name          	tRNA #	Begin  	End    	Type	Codon	Begin	End	Score	Note
--------      	------	-----  	------ 	----	-----	-----	----	------	------
NZ_CP006471.1 	1	143354 	143427 	Arg	CCT	0	0	71.5	
NZ_CP006471.1 	2	280106 	280178 	Ala	CGC	0	0	73.8	
NZ_CP006471.1 	3	480534 	480605 	Asn	GTT	0	0	76.7	
NZ_CP006471.1 	4	587555 	587627 	Ile2	CAT	0	0	51.3	
NZ_CP006471.1 	5	597309 	597395 	Ser	GGA	0	0	83.0	
NZ_CP006471.1 	6	605552 	605625 	Ile	GAT	0	0	71.3	
NZ_CP006471.1 	7	605659 	605734 	Ala	TGC	0	0	87.3	
NZ_CP006471.1 	8	884945 	885018 	Arg	ACG	0	0	75.3	
NZ_CP006471.1 	9	954752 	954823 	Gly	GCC	0	0	74.7	
NZ_CP006471.1 	10	983190 	983278 	Ser	GCT	0	0	79.2	
NZ_CP006471.1 	11	1178950	1179021	Thr	CGT	0	0	80.2	
NZ_CP006471.1 	12	1601886	1601957	Val	GAC	0	0	70.3	
NZ_CP006471.1 	13	1843147	1843228	Leu	GAG	0	0	54.6	
NZ_CP006471.1 	14	2015915	2015986	Val	CAC	0	0	70.7	
NZ_CP006471.1 	15	2093691	2093764	Pro	GGG	0	0	66.2	
NZ_CP006471.1 	16	2275064	2275124	Undet	NNN	0	0	22.2	pseudo
NZ_CP006471.1 	17	2549064	2549147	Leu	CAG	0	0	60.7	
NZ_CP006471.1 	18	2688516	2688443	Ile	GAT	0	0	71.3	
NZ_CP006471.1 	19	2688409	2688334	Ala	TGC	0	0	87.3	
NZ_CP006471.1 	20	2671040	2670969	Met	CAT	0	0	68.5	
NZ_CP006471.1 	21	2638384	2638313	Gln	TTG	0	0	61.1	
NZ_CP006471.1 	22	2585315	2585244	Val	TAC	0	0	75.4	
NZ_CP006471.1 	23	2547530	2547447	Leu	CAA	0	0	73.3	
NZ_CP006471.1 	24	2356189	2356118	Thr	TGT	0	0	71.2	
NZ_CP006471.1 	25	2341313	2341232	Tyr	GTA	0	0	63.3	
NZ_CP006471.1 	26	2341221	2341150	Thr	GGT	0	0	74.4	
NZ_CP006471.1 	27	2089497	2089424	Pro	TGG	0	0	76.0	
NZ_CP006471.1 	28	1767562	1767491	Lys	TTT	0	0	72.5	
NZ_CP006471.1 	29	1667509	1667438	Gly	CCC	0	0	75.3	
NZ_CP006471.1 	30	1239193	1239109	Ser	TGA	0	0	77.7	
NZ_CP006471.1 	31	1068395	1068323	Glu	TTC	0	0	60.7	
NZ_CP006471.1 	32	946169 	946097 	Arg	CCG	0	0	70.5	
NZ_CP006471.1 	33	920896 	920824 	Arg	TCT	0	0	70.1	
NZ_CP006471.1 	34	830985 	830913 	His	GTG	0	0	62.4	
NZ_CP006471.1 	35	785965 	785893 	Phe	GAA	0	0	72.8	
NZ_CP006471.1 	36	750502 	750421 	Leu	TAG	0	0	66.5	
NZ_CP006471.1 	37	725838 	725752 	Ser	CGA	0	0	75.2	
NZ_CP006471.1 	38	667650 	667578 	Ala	GGC	0	0	76.6	
NZ_CP006471.1 	39	641422 	641350 	Trp	CCA	0	0	73.5	
NZ_CP006471.1 	40	641143 	641070 	Asp	GTC	0	0	72.3	
NZ_CP006471.1 	41	447056 	446986 	Cys	GCA	0	0	71.1	
NZ_CP006471.1 	42	444398 	444328 	Cys	GCA	0	0	49.7	
NZ_CP006471.1 	43	401806 	401730 	fMet	CAT	0	0	76.1	
NZ_CP006471.1 	44	348411 	348338 	Pro	CGG	0	0	76.5	
NZ_CP006471.1 	45	13120  	13050  	Gly	TCC	0	0	75.4	
